C:\KRBO0222\lab1_pomer_xhto\Logical\Global.typ
C:\KRBO0222\lab1_pomer_xhto\Logical\Global.var
C:\KRBO0222\lab1_pomer_xhto\Logical\Libraries\operator\operator.fun
C:\KRBO0222\lab1_pomer_xhto\Logical\Libraries\operator\operator.typ
C:\KRBO0222\lab1_pomer_xhto\Logical\Libraries\operator\operator.var
C:\KRBO0222\lab1_pomer_xhto\Logical\Libraries\runtime\runtime.fun
C:\KRBO0222\lab1_pomer_xhto\Logical\Libraries\runtime\runtime.typ
C:\KRBO0222\lab1_pomer_xhto\Logical\Libraries\runtime\runtime.var
C:\KRBO0222\lab1_pomer_xhto\Logical\Libraries\astime\astime.fun
C:\KRBO0222\lab1_pomer_xhto\Logical\Libraries\astime\astime.typ
C:\KRBO0222\lab1_pomer_xhto\Logical\Libraries\astime\astime.var
C:\KRBO0222\lab1_pomer_xhto\Logical\Libraries\AsIecCon\AsIecCon.fun
C:\KRBO0222\lab1_pomer_xhto\Logical\Libraries\AsIecCon\AsIecCon.typ
C:\KRBO0222\lab1_pomer_xhto\Logical\Libraries\AsIecCon\AsIecCon.var
C:\KRBO0222\lab1_pomer_xhto\Logical\MotorContr\Types.typ
C:\KRBO0222\lab1_pomer_xhto\Logical\MotorContr\MotorContr.fun
C:\KRBO0222\lab1_pomer_xhto\Logical\MotorContr\Constants.var
